
> zeeniz-black@0.1.0 build
> vue-cli-service build

node.exe : [baseline
-browser-mapping] 
The data in this 
module is over two 
months old.  To 
ensure accurate 
Baseline data, 
please update: `npm 
i baseline-browser-m
apping@latest -D`
No C:\Program Files\
nodejs\npm.ps1:29 
caractere:3
+   & $NODE_EXE 
$NPM_CLI_JS $args
+   ~~~~~~~~~~~~~~~~
~~~~~~~~~~~~~
    + CategoryInfo  
            : NotS  
  pecified: ([bas   
 eline-brows...p    
ing@latest -D`:    
String) [], Rem    
oteException
    + FullyQualifie 
   dErrorId : Nati  
  veCommandError
 
All browser targets in the browserslist configuration have supported ES module.
Therefore we don't build two separate bundles for differential loading.


-  Building for 
production...
 ERROR  Failed to compile with 1 error01:52:15

 error  in ./src/views/Admin/StrategyCreatorView.vue

Module Error (from ./node_modules/vue-loader/dist/index.js):

VueCompilerError: Element is missing end tag.
at C:\Users\patov\Desktop\zeenix2\zeenix-frontend\src\views\Admin\StrategyCreatorView.vue:295:29
293|                          <!-- 5. Payout e Viabilidade -->
294|                          <div v-if="form.tradeType" class="col-span-12">
295|                              <div class="bg-[#141414] border border-[#333] rounded-xl p-6">
   |                              ^
296|                                  <div class="flex items-center gap-3 mb-6">
297|                                      <svg xmlns="http://www.w3.org/2000/svg" width="24" height="24" viewBox="0 0 24 24" fill="none" stroke="currentColor" stroke-width="2" stroke-linecap="round" stroke-linejoin="round" class="w-5 h-5 text-zenix-green"><path d="M21.21 15.89A10 10 0 1 1 8 2.83"></path><path d="M22 12A10 10 0 0 0 12 2v10z"></path></svg>


 ERROR  Error: 
Build failed with 
errors.
Error: Build failed 
with errors.
    at C:\Users\pato
v\Desktop\zeenix2\ze
enix-frontend\node_m
odules\@vue\cli-serv
ice\lib\commands\bui
ld\index.js:207:23
    at C:\Users\pato
v\Desktop\zeenix2\ze
enix-frontend\node_m
odules\webpack\lib\w
ebpack.js:185:8
    at C:\Users\pato
v\Desktop\zeenix2\ze
enix-frontend\node_m
odules\webpack\lib\H
ookWebpackError.js:6
6:2
    at Hook.eval 
[as callAsync] 
(eval at create (C:\
Users\patov\Desktop\
zeenix2\zeenix-front
end\node_modules\tap
able\lib\HookCodeFac
tory.js:31:10), 
<anonymous>:6:1)
    at Hook.CALL_ASY
NC_DELEGATE [as 
_callAsync] (C:\User
s\patov\Desktop\zeen
ix2\zeenix-frontend\
node_modules\tapable
\lib\Hook.js:21:14)
    at 
Cache.shutdown (C:\U
sers\patov\Desktop\z
eenix2\zeenix-fronte
nd\node_modules\webp
ack\lib\Cache.js:157
:23)
    at C:\Users\pato
v\Desktop\zeenix2\ze
enix-frontend\node_m
odules\webpack\lib\C
ompiler.js:1407:15
    at Hook.eval 
[as callAsync] 
(eval at create (C:\
Users\patov\Desktop\
zeenix2\zeenix-front
end\node_modules\tap
able\lib\HookCodeFac
tory.js:31:10), 
<anonymous>:6:1)
    at Hook.CALL_ASY
NC_DELEGATE [as 
_callAsync] (C:\User
s\patov\Desktop\zeen
ix2\zeenix-frontend\
node_modules\tapable
\lib\Hook.js:21:14)
    at 
Compiler.close (C:\U
sers\patov\Desktop\z
eenix2\zeenix-fronte
nd\node_modules\webp
ack\lib\Compiler.js:
1400:23)
    at C:\Users\pato
v\Desktop\zeenix2\ze
enix-frontend\node_m
odules\webpack\lib\w
ebpack.js:184:16
    at 
finalCallback (C:\Us
ers\patov\Desktop\ze
enix2\zeenix-fronten
d\node_modules\webpa
ck\lib\Compiler.js:5
19:32)
    at C:\Users\pato
v\Desktop\zeenix2\ze
enix-frontend\node_m
odules\webpack\lib\C
ompiler.js:543:13
    at Hook.eval 
[as callAsync] 
(eval at create (C:\
Users\patov\Desktop\
zeenix2\zeenix-front
end\node_modules\tap
able\lib\HookCodeFac
tory.js:31:10), 
<anonymous>:24:1)
    at Hook.CALL_ASY
NC_DELEGATE [as 
_callAsync] (C:\User
s\patov\Desktop\zeen
ix2\zeenix-frontend\
node_modules\tapable
\lib\Hook.js:21:14)
    at onCompiled (C
:\Users\patov\Deskto
p\zeenix2\zeenix-fro
ntend\node_modules\w
ebpack\lib\Compiler.
js:541:21)
    at C:\Users\pato
v\Desktop\zeenix2\ze
enix-frontend\node_m
odules\webpack\lib\C
ompiler.js:1378:17
    at Hook.eval 
[as callAsync] 
(eval at create (C:\
Users\patov\Desktop\
zeenix2\zeenix-front
end\node_modules\tap
able\lib\HookCodeFac
tory.js:31:10), 
<anonymous>:6:1)
    at Hook.CALL_ASY
NC_DELEGATE [as 
_callAsync] (C:\User
s\patov\Desktop\zeen
ix2\zeenix-frontend\
node_modules\tapable
\lib\Hook.js:21:14)
    at C:\Users\pato
v\Desktop\zeenix2\ze
enix-frontend\node_m
odules\webpack\lib\C
ompiler.js:1374:33
    at 
finalCallback (C:\Us
ers\patov\Desktop\ze
enix2\zeenix-fronten
d\node_modules\webpa
ck\lib\Compilation.j
s:3133:11)
    at C:\Users\pato
v\Desktop\zeenix2\ze
enix-frontend\node_m
odules\webpack\lib\C
ompilation.js:3469:1
1
    at Hook.eval 
[as callAsync] 
(eval at create (C:\
Users\patov\Desktop\
zeenix2\zeenix-front
end\node_modules\tap
able\lib\HookCodeFac
tory.js:31:10), 
<anonymous>:6:1)
    at Hook.CALL_ASY
NC_DELEGATE [as 
_callAsync] (C:\User
s\patov\Desktop\zeen
ix2\zeenix-frontend\
node_modules\tapable
\lib\Hook.js:21:14)
    at C:\Users\pato
v\Desktop\zeenix2\ze
enix-frontend\node_m
odules\webpack\lib\C
ompilation.js:3462:3
8
    at eval (eval 
at create (C:\Users\
patov\Desktop\zeenix
2\zeenix-frontend\no
de_modules\tapable\l
ib\HookCodeFactory.j
s:31:10), 
<anonymous>:15:1)
    at eval (eval 
at create (C:\Users\
patov\Desktop\zeenix
2\zeenix-frontend\no
de_modules\tapable\l
ib\HookCodeFactory.j
s:31:10), 
<anonymous>:14:1)
